{
	"email" : "dev@gmail.com",
	"fullName" : "dev",
	"password" : "any"
}